 2025-06-30 20:56:47.903055 - User: AnonymousUser - Path: /api/token/
2025-06-30 21:15:02.928742 - User: None - Path: /api/token/
2025-06-30 21:15:46.172146 - User: 127.0.0.1 - Path: /api/token/
2025-06-30 21:16:58.712446 - User: POST - Path: /api/token/
2025-06-30 21:23:22.728749 - User: AnonymousUser - Path: /api/token/
2025-06-30 21:23:23.626091 - User: AnonymousUser - Path: /api/token/
2025-06-30 21:23:24.515759 - User: AnonymousUser - Path: /api/token/
2025-06-30 21:23:25.042028 - User: AnonymousUser - Path: /api/token/
2025-06-30 21:23:26.621208 - User: AnonymousUser - Path: /api/token/
2025-06-30 21:23:27.456264 - User: AnonymousUser - Path: /api/token/
2025-06-30 21:23:28.798729 - User: AnonymousUser - Path: /api/token/
2025-06-30 21:24:04.583144 - User: AnonymousUser - Path: /api/token/
2025-06-30 21:24:05.400792 - User: AnonymousUser - Path: /api/token/
2025-06-30 21:24:06.157898 - User: AnonymousUser - Path: /api/token/
2025-06-30 21:24:07.003408 - User: AnonymousUser - Path: /api/token/
2025-06-30 21:24:07.543913 - User: AnonymousUser - Path: /api/token/
2025-06-30 21:24:08.176877 - User: AnonymousUser - Path: /api/token/
2025-06-30 21:26:26.155177 - User: AnonymousUser - Path: /api/token/
2025-06-30 21:35:31.238489 - User: AnonymousUser - Path: /api/token/
2025-06-30 21:35:40.193998 - User: AnonymousUser - Path: /api/token/
2025-06-30 21:35:59.568267 - User: AnonymousUser - Path: /api/token/
2025-06-30 21:36:23.553647 - User: AnonymousUser - Path: /api/token/
2025-06-30 21:36:44.797555 - User: AnonymousUser - Path: /api/token/
2025-06-30 21:40:56.023926 - User: False - Path: /api/conversations/19a0c389-7e40-4aa1-863b-d05ed1403d6a/messages/send_message/
2025-06-30 21:42:25.512814 - User: False - Path: /api/conversations/19a0c389-7e40-4aa1-863b-d05ed1403d6a/messages/send_message/
2025-06-30 21:42:34.754767 - User: False - Path: /api/token/
2025-06-30 21:42:54.499970 - User: False - Path: /api/conversations/19a0c389-7e40-4aa1-863b-d05ed1403d6a/messages/send_message/
